// Jest Snapshot v1, https://goo.gl/fbAQLP

exports[`Kernel Interactor interact() invokes an interactor 1`] = `
Context {
  "data": Object {
    "b": true,
  },
}
`;

exports[`Kernel Interactor interact() makes context failures throwsafe 1`] = `
Context {
  "data": Object {},
  "error": [InteractorFailure: Wrapped Exception: something bad happened],
}
`;
